V3 3
FL "C:/Users/Thomas LaJoie/Desktop/Thesis Code/FPGAThesisCode/Code.vhd" 2021/07/22.12:59:10 P.20131013
EN work/ThesisCode 1626973237 \
      FL "C:/Users/Thomas LaJoie/Desktop/Thesis Code/FPGAThesisCode/Code.vhd" \
      PB ieee/std_logic_1164 1381692176
AR work/ThesisCode/Behavioral 1626973238 \
      FL "C:/Users/Thomas LaJoie/Desktop/Thesis Code/FPGAThesisCode/Code.vhd" \
      EN work/ThesisCode 1626973237
