V3 3
FL "C:/Users/Thomas LaJoie/Desktop/Thesis Code/FPGAThesisCode/Code.vhd" 2021/06/16.19:30:07 P.20131013
EN work/ThesisCode 1623886833 \
      FL "C:/Users/Thomas LaJoie/Desktop/Thesis Code/FPGAThesisCode/Code.vhd" \
      PB ieee/std_logic_1164 1381692176
AR work/ThesisCode/Behavioral 1623886834 \
      FL "C:/Users/Thomas LaJoie/Desktop/Thesis Code/FPGAThesisCode/Code.vhd" \
      EN work/ThesisCode 1623886833
